// Jest Snapshot v1, https://goo.gl/fbAQLP

exports[`Renders the card 1`] = `<cl title="Hello people"></cl>`;
